// Jest Snapshot v1, https://goo.gl/fbAQLP

exports[`InputBox should render content correctly 1`] = `
<div
  class="input-box"
>
  <span
    class="input-box_symbol"
  >
    $
  </span>
   
  <input
    class="input-box_input"
    id="valueNum"
    type="text"
  />
   
  <select
    class="input-box_dropdown"
  >
    <option>
      EUR
    </option>
    <option>
      USD
    </option>
    <option>
      GBP
    </option>
  </select>
</div>
`;
