// Jest Snapshot v1, https://goo.gl/fbAQLP

exports[`Switcher should render content correctly 1`] = `
<div
  class="switcher"
  id="switcher"
>
  <img
    class="rotate"
    src="@/assets/images/switch.svg"
  />
</div>
`;
